==============================================================================
Tests                                                                         
==============================================================================
Tests.02 Testdemo :: To validate the login form                               
==============================================================================
Validate UnSuccessful Login                                           | PASS |
------------------------------------------------------------------------------
Validate card display in the shopping page                            | PASS |
------------------------------------------------------------------------------
select the form and nevigate to child window                          | PASS |
------------------------------------------------------------------------------
Tests.02 Testdemo :: To validate the login form                       | PASS |
3 tests, 3 passed, 0 failed
==============================================================================
Tests                                                                 | PASS |
3 tests, 3 passed, 0 failed
==============================================================================
Output:  C:\Users\abhil\PycharmProjects\RobotFramework\tests\pabot_results\1\output.xml
