==============================================================================
Tests                                                                         
==============================================================================
Tests.03 Testdemo :: To validate the login form                               
==============================================================================
Validate child window functionality                                   | PASS |
------------------------------------------------------------------------------
Tests.03 Testdemo :: To validate the login form                       | PASS |
1 test, 1 passed, 0 failed
==============================================================================
Tests                                                                 | PASS |
1 test, 1 passed, 0 failed
==============================================================================
Output:  C:\Users\abhil\PycharmProjects\RobotFramework\tests\pabot_results\2\output.xml
