==============================================================================
Tests                                                                         
==============================================================================
Tests.04 Testdemo :: To validate the login form                               
==============================================================================
Invalid username                                                      | PASS |
------------------------------------------------------------------------------
Invalid password                                                      | PASS |
------------------------------------------------------------------------------
special character                                                     | PASS |
------------------------------------------------------------------------------
Tests.04 Testdemo :: To validate the login form                       | PASS |
3 tests, 3 passed, 0 failed
==============================================================================
Tests                                                                 | PASS |
3 tests, 3 passed, 0 failed
==============================================================================
Output:  C:\Users\abhil\PycharmProjects\RobotFramework\tests\pabot_results\3\output.xml
