==============================================================================
Tests                                                                         
==============================================================================
Tests.07 Testdemo :: To validate the login form                               
==============================================================================
Validate card display in the shopping page                            | PASS |
------------------------------------------------------------------------------
Tests.07 Testdemo :: To validate the login form                       | PASS |
1 test, 1 passed, 0 failed
==============================================================================
Tests                                                                 | PASS |
1 test, 1 passed, 0 failed
==============================================================================
Output:  C:\Users\abhil\PycharmProjects\RobotFramework\tests\pabot_results\6\output.xml
